// Jest Snapshot v1, https://goo.gl/fbAQLP

exports[`App Component renders an app 1`] = `<ColorPicker />`;
