// Jest Snapshot v1, https://goo.gl/fbAQLP

exports[`Color Display Component renders the display 1`] = `
<div
  className="ColorDisplay"
  style={
    Object {
      "backgroundColor": undefined,
    }
  }
/>
`;
