// Jest Snapshot v1, https://goo.gl/fbAQLP

exports[`Color Picker Component renders the color 1`] = `
<section
  className="ColorPicker"
>
  <button
    className="red"
    onClick={[Function]}
  >
    Red
  </button>
  <button
    className="green"
    onClick={[Function]}
  >
    Green
  </button>
  <button
    className="blue"
    onClick={[Function]}
  >
    Blue
  </button>
</section>
`;
