// Jest Snapshot v1, https://goo.gl/fbAQLP

exports[`Incrementer Component renders the 1`] = `
<Fragment>
  <p>
    Current Count: 
    0
  </p>
  <button
    onClick={[Function]}
  >
    Get it!
  </button>
</Fragment>
`;
